Loaded 1800 627 source features
Loaded 1815 436 source features
Loaded 1878 239 source features
Loaded 1880 236 source features
Loaded 1900 270 source features
Loaded 1914 177 source features
Loaded 1920 205 source features
Loaded 1930 200 source features
Loaded 1938 254 source features
Loaded 1945 227 source features
Loaded 1960 197 source features
{
  "totalIdentities": 880,
  "curatedMetadataEntities": 617,
  "mappedIdentities": 376,
  "coveredIdentities": 367,
  "uncoveredIdentities": 513,
  "percentage": 41.7,
  "multipleSnapshotIdentities": 519,
  "singleSnapshotIdentities": 361,
  "unresolvedQuestions": 260,
  "identitiesWithQuestions": 818,
  "brokenMappings": 0,
  "orphanMetadataEntities": 0,
  "ambiguousMappingYearPairs": 65
}
┌─────────┬──────┬──────────────────────┬─────────┬───────────┬────────────┐
│ (index) │ year │ selectableIdentities │ covered │ uncovered │ percentage │
├─────────┼──────┼──────────────────────┼─────────┼───────────┼────────────┤
│ 0       │ 1800 │ 547                  │ 60      │ 487       │ 10.97      │
│ 1       │ 1815 │ 313                  │ 83      │ 230       │ 26.52      │
│ 2       │ 1878 │ 173                  │ 103     │ 70        │ 59.54      │
│ 3       │ 1880 │ 170                  │ 104     │ 66        │ 61.18      │
│ 4       │ 1900 │ 166                  │ 94      │ 72        │ 56.63      │
│ 5       │ 1914 │ 143                  │ 105     │ 38        │ 73.43      │
│ 6       │ 1920 │ 164                  │ 121     │ 43        │ 73.78      │
│ 7       │ 1930 │ 164                  │ 120     │ 44        │ 73.17      │
│ 8       │ 1938 │ 172                  │ 129     │ 43        │ 75         │
│ 9       │ 1945 │ 183                  │ 120     │ 63        │ 65.57      │
│ 10      │ 1960 │ 157                  │ 115     │ 42        │ 73.25      │
└─────────┴──────┴──────────────────────┴─────────┴───────────┴────────────┘
Political classification {
  'political-polity': 223,
  'dependent-administration': 178,
  'community-people': 398,
  'geographic-or-composite': 2,
  'name-variant-or-duplicate': 7,
  unresolved: 72
}
Political coverage { candidates: 401, covered: 362, uncovered: 39, percentage: 90.27 }
┌─────────┬──────┬─────┬──────────────────┬──────────────────────────┬──────────────────┬─────────────────────────┬───────────────────────────┬────────────┬───────────┬─────────┬───────────┬────────────┐
│ (index) │ year │ raw │ political-polity │ dependent-administration │ community-people │ geographic-or-composite │ name-variant-or-duplicate │ unresolved │ political │ covered │ uncovered │ percentage │
├─────────┼──────┼─────┼──────────────────┼──────────────────────────┼──────────────────┼─────────────────────────┼───────────────────────────┼────────────┼───────────┼─────────┼───────────┼────────────┤
│ 0       │ 1800 │ 547 │ 90               │ 31                       │ 392              │ 2                       │ 1                         │ 31         │ 121       │ 59      │ 62        │ 48.76      │
│ 1       │ 1815 │ 313 │ 86               │ 38                       │ 164              │ 1                       │ 0                         │ 24         │ 124       │ 83      │ 41        │ 66.94      │
│ 2       │ 1878 │ 173 │ 87               │ 55                       │ 7                │ 1                       │ 3                         │ 20         │ 142       │ 101     │ 41        │ 71.13      │
│ 3       │ 1880 │ 170 │ 88               │ 55                       │ 5                │ 1                       │ 1                         │ 20         │ 143       │ 103     │ 40        │ 72.03      │
│ 4       │ 1900 │ 166 │ 86               │ 53                       │ 4                │ 1                       │ 1                         │ 21         │ 139       │ 93      │ 46        │ 66.91      │
│ 5       │ 1914 │ 143 │ 72               │ 64                       │ 0                │ 1                       │ 1                         │ 5          │ 136       │ 104     │ 32        │ 76.47      │
│ 6       │ 1920 │ 164 │ 82               │ 68                       │ 0                │ 1                       │ 2                         │ 11         │ 150       │ 119     │ 31        │ 79.33      │
│ 7       │ 1930 │ 164 │ 82               │ 69                       │ 0                │ 1                       │ 2                         │ 10         │ 151       │ 118     │ 33        │ 78.15      │
│ 8       │ 1938 │ 172 │ 85               │ 77                       │ 0                │ 1                       │ 3                         │ 6          │ 162       │ 127     │ 35        │ 78.4       │
│ 9       │ 1945 │ 183 │ 89               │ 80                       │ 0                │ 1                       │ 1                         │ 12         │ 169       │ 119     │ 50        │ 70.41      │
│ 10      │ 1960 │ 157 │ 97               │ 50                       │ 0                │ 1                       │ 1                         │ 8          │ 147       │ 114     │ 33        │ 77.55      │
└─────────┴──────┴─────┴──────────────────┴──────────────────────────┴──────────────────┴─────────────────────────┴───────────────────────────┴────────────┴───────────┴─────────┴───────────┴────────────┘
Phase 2 batches 21 Reviewed: political-batch-01, political-batch-02, political-batch-03, political-batch-04, political-batch-05, political-batch-06, political-batch-07, political-batch-08, political-batch-09, political-batch-10, political-batch-11, political-batch-12, political-batch-13, political-batch-14, political-batch-15, political-batch-16, political-batch-17, political-batch-18, political-batch-19, political-batch-20, political-batch-21
